unified.blob                                                   : 0       : 4096  
0_26x45_PALETTED4444_index.raw                                 : 4096    : 1216  
0_26x45_PALETTED4444_lut.raw                                   : 5312    : 64    
1_14x43_PALETTED4444_index.raw                                 : 5376    : 640   
1_14x43_PALETTED4444_lut.raw                                   : 6016    : 64    
2_28x44_PALETTED4444_index.raw                                 : 6080    : 1280  
2_28x44_PALETTED4444_lut.raw                                   : 7360    : 64    
3_28x45_PALETTED4444_index.raw                                 : 7424    : 1280  
3_28x45_PALETTED4444_lut.raw                                   : 8704    : 64    
4_31x43_PALETTED4444_index.raw                                 : 8768    : 1344  
4_31x43_PALETTED4444_lut.raw                                   : 10112   : 64    
5_26x44_PALETTED4444_index.raw                                 : 10176   : 1152  
5_26x44_PALETTED4444_lut.raw                                   : 11328   : 64    
6_27x45_PALETTED4444_index.raw                                 : 11392   : 1216  
6_27x45_PALETTED4444_lut.raw                                   : 12608   : 64    
7_29x43_PALETTED4444_index.raw                                 : 12672   : 1280  
7_29x43_PALETTED4444_lut.raw                                   : 13952   : 64    
8_28x45_PALETTED4444_index.raw                                 : 14016   : 1280  
8_28x45_PALETTED4444_lut.raw                                   : 15296   : 64    
9_27x45_PALETTED4444_index.raw                                 : 15360   : 1216  
9_27x45_PALETTED4444_lut.raw                                   : 16576   : 64    
ac_72x73_PALETTED4444_index.raw                                : 16640   : 5312  
ac_72x73_PALETTED4444_lut.raw                                  : 21952   : 512   
ac_off_72x73_PALETTED4444_index.raw                            : 22464   : 5312  
ac_off_72x73_PALETTED4444_lut.raw                              : 27776   : 512   
air_72x73_PALETTED4444_index.raw                               : 28288   : 5312  
air_72x73_PALETTED4444_lut.raw                                 : 33600   : 512   
air_l_1_45x45_PALETTED4444_index.raw                           : 34112   : 2048  
air_l_1_45x45_PALETTED4444_lut.raw                             : 36160   : 512   
air_l_2_46x46_PALETTED4444_index.raw                           : 36672   : 2176  
air_l_2_46x46_PALETTED4444_lut.raw                             : 38848   : 448   
air_l_3_45x45_PALETTED4444_index.raw                           : 39296   : 2048  
air_l_3_45x45_PALETTED4444_lut.raw                             : 41344   : 512   
air_l_177x153_PALETTED4444_index.raw                           : 41856   : 27136 
air_l_177x153_PALETTED4444_lut.raw                             : 68992   : 320   
air_off_72x73_PALETTED4444_index.raw                           : 69312   : 5312  
air_off_72x73_PALETTED4444_lut.raw                             : 74624   : 512   
air_r_1_46x46_PALETTED4444_index.raw                           : 75136   : 2176  
air_r_1_46x46_PALETTED4444_lut.raw                             : 77312   : 448   
air_r_2_46x46_PALETTED4444_index.raw                           : 77760   : 2176  
air_r_2_46x46_PALETTED4444_lut.raw                             : 79936   : 512   
air_r_3_46x46_PALETTED4444_index.raw                           : 80448   : 2176  
air_r_3_46x46_PALETTED4444_lut.raw                             : 82624   : 448   
air_r_195x232_PALETTED4444_index.raw                           : 83072   : 45248 
air_r_195x232_PALETTED4444_lut.raw                             : 128320  : 320   
AL1_off_45x45_PALETTED4444_index.raw                           : 128640  : 2048  
AL1_off_45x45_PALETTED4444_lut.raw                             : 130688  : 384   
AL2_off_46x46_PALETTED4444_index.raw                           : 131072  : 2176  
AL2_off_46x46_PALETTED4444_lut.raw                             : 133248  : 384   
AL3_off_45x45_PALETTED4444_index.raw                           : 133632  : 2048  
AL3_off_45x45_PALETTED4444_lut.raw                             : 135680  : 384   
AR1_disable_46x46_PALETTED4444_index.raw                       : 136064  : 2176  
AR1_disable_46x46_PALETTED4444_lut.raw                         : 138240  : 384   
AR1_off_46x46_PALETTED4444_index.raw                           : 138624  : 2176  
AR1_off_46x46_PALETTED4444_lut.raw                             : 140800  : 384   
AR2_disable_46x47_PALETTED4444_index.raw                       : 141184  : 2176  
AR2_disable_46x47_PALETTED4444_lut.raw                         : 143360  : 384   
AR2_off_46x47_PALETTED4444_index.raw                           : 143744  : 2176  
AR2_off_46x47_PALETTED4444_lut.raw                             : 145920  : 448   
AR3_disable_47x46_PALETTED4444_index.raw                       : 146368  : 2176  
AR3_disable_47x46_PALETTED4444_lut.raw                         : 148544  : 384   
AR3_off_47x46_PALETTED4444_index.raw                           : 148928  : 2176  
AR3_off_47x46_PALETTED4444_lut.raw                             : 151104  : 384   
auto_72x73_PALETTED4444_index.raw                              : 151488  : 5312  
auto_72x73_PALETTED4444_lut.raw                                : 156800  : 512   
auto_off_72x73_PALETTED4444_index.raw                          : 157312  : 5312  
auto_off_72x73_PALETTED4444_lut.raw                            : 162624  : 512   
C_13x12_PALETTED4444_index.raw                                 : 163136  : 192   
C_13x12_PALETTED4444_lut.raw                                   : 163328  : 64    
celsius_78x40_PALETTED4444_index.raw                           : 163392  : 3136  
celsius_78x40_PALETTED4444_lut.raw                             : 166528  : 448   
F_13x11_PALETTED4444_index.raw                                 : 166976  : 192   
F_13x11_PALETTED4444_lut.raw                                   : 167168  : 64    
fahrenheit_78x40_PALETTED4444_index.raw                        : 167232  : 3136  
fahrenheit_78x40_PALETTED4444_lut.raw                          : 170368  : 384   
fan-higher_38x55_PALETTED4444_index.raw                        : 170752  : 2112  
fan-higher_38x55_PALETTED4444_lut.raw                          : 172864  : 192   
fan-lower_38x55_PALETTED4444_index.raw                         : 173056  : 2112  
fan-lower_38x55_PALETTED4444_lut.raw                           : 175168  : 192   
front_72x73_PALETTED4444_index.raw                             : 175360  : 5312  
front_72x73_PALETTED4444_lut.raw                               : 180672  : 512   
front_off_72x73_PALETTED4444_index.raw                         : 181184  : 5312  
front_off_72x73_PALETTED4444_lut.raw                           : 186496  : 512   
onoff_62x62_PALETTED4444_index.raw                             : 187008  : 3904  
onoff_62x62_PALETTED4444_lut.raw                               : 190912  : 512   
onoff_off_62x62_PALETTED4444_index.raw                         : 191424  : 3904  
onoff_off_62x62_PALETTED4444_lut.raw                           : 195328  : 512   
rear_72x73_PALETTED4444_index.raw                              : 195840  : 5312  
rear_72x73_PALETTED4444_lut.raw                                : 201152  : 512   
rear_off_73x73_PALETTED4444_index.raw                          : 201664  : 5376  
rear_off_73x73_PALETTED4444_lut.raw                            : 207040  : 512   
sync_62x62_PALETTED4444_index.raw                              : 207552  : 3904  
sync_62x62_PALETTED4444_lut.raw                                : 211456  : 512   
sync_off_62x63_PALETTED4444_index.raw                          : 211968  : 3968  
sync_off_62x63_PALETTED4444_lut.raw                            : 215936  : 512   
temp-higher_55x38_PALETTED4444_index.raw                       : 216448  : 2112  
temp-higher_55x38_PALETTED4444_lut.raw                         : 218560  : 128   
temp-lower_55x38_PALETTED4444_index.raw                        : 218688  : 2112  
temp-lower_55x38_PALETTED4444_lut.raw                          : 220800  : 128   
airflow-L1_295x280_COMPRESSED_RGBA_ASTC_5x5_KHR.raw            : 220928  : 52864 
airflow-L2_295x280_COMPRESSED_RGBA_ASTC_5x5_KHR.raw            : 273792  : 52864 
airflow-L3_300x290_COMPRESSED_RGBA_ASTC_5x5_KHR.raw            : 326656  : 55680 
airflow-L4_320x305_COMPRESSED_RGBA_ASTC_5x5_KHR.raw            : 382336  : 62464 
airflow-L5_320x305_COMPRESSED_RGBA_ASTC_5x5_KHR.raw            : 444800  : 62464 
airflow-R1_295x280_COMPRESSED_RGBA_ASTC_5x5_KHR.raw            : 507264  : 52864 
airflow-R2_295x280_COMPRESSED_RGBA_ASTC_5x5_KHR.raw            : 560128  : 52864 
airflow-R3_300x290_COMPRESSED_RGBA_ASTC_5x5_KHR.raw            : 612992  : 55680 
airflow-R4_320x300_COMPRESSED_RGBA_ASTC_5x5_KHR.raw            : 668672  : 61440 
airflow-R5_320x300_COMPRESSED_RGBA_ASTC_5x5_KHR.raw            : 730112  : 61440 
bg_non_square_862x480_864x480_COMPRESSED_RGBA_ASTC_6x5_KHR.raw : 791552  : 221184
R_disable_180x175_COMPRESSED_RGBA_ASTC_6x5_KHR.raw             : 1012736 : 16832 
