unified.blob                               : 0      : 4096  
0_9x14_ARGB4.raw                           : 4096   : 256   
0big_12x19_ARGB4.raw                       : 4352   : 512   
1_6x13_ARGB4.raw                           : 4864   : 192   
1big_9x18_ARGB4.raw                        : 5056   : 384   
2_10x13_ARGB4.raw                          : 5440   : 320   
2big_13x18_ARGB4.raw                       : 5760   : 512   
3_9x14_ARGB4.raw                           : 6272   : 256   
3big_13x19_ARGB4.raw                       : 6528   : 512   
4_10x13_ARGB4.raw                          : 7040   : 320   
4big_14x18_ARGB4.raw                       : 7360   : 512   
5_9x14_ARGB4.raw                           : 7872   : 256   
5big_12x19_ARGB4.raw                       : 8128   : 512   
6_9x14_ARGB4.raw                           : 8640   : 256   
6big_12x19_ARGB4.raw                       : 8896   : 512   
7_10x13_ARGB4.raw                          : 9408   : 320   
7big_13x18_ARGB4.raw                       : 9728   : 512   
8_10x14_ARGB4.raw                          : 10240  : 320   
8big_12x19_ARGB4.raw                       : 10560  : 512   
9_9x14_ARGB4.raw                           : 11072  : 256   
9big_12x19_ARGB4.raw                       : 11328  : 512   
arrowl_12x17_ARGB4.raw                     : 11840  : 448   
arrowr_13x17_ARGB4.raw                     : 12288  : 448   
Bar_36x19_ARGB4.raw                        : 12736  : 1408  
Bar_menu_20x11_ARGB4.raw                   : 14144  : 448   
C_13x12_ARGB4.raw                          : 14592  : 320   
C1_17x14_ARGB4.raw                         : 14912  : 512   
Depth (inch)_35x31_ARGB4.raw               : 15424  : 2176  
Depth (mm)_35x31_ARGB4.raw                 : 17600  : 2176  
dot2_3x3_ARGB4.raw                         : 19776  : 64    
dotbig_5x5_ARGB4.raw                       : 19840  : 64    
F_13x11_ARGB4.raw                          : 19904  : 320   
F1_16x13_ARGB4.raw                         : 20224  : 448   
inch_44x19_ARGB4.raw                       : 20672  : 1728  
inch_menu_24x12_ARGB4.raw                  : 22400  : 576   
indicator_2x40_ARGB4.raw                   : 22976  : 192   
kPa_39x20_ARGB4.raw                        : 23168  : 1600  
kPa_menu_22x12_ARGB4.raw                   : 24768  : 576   
mm_40x13_ARGB4.raw                         : 25344  : 1088  
mm_menu_24x8_ARGB4.raw                     : 26432  : 384   
Off_20x12_ARGB4.raw                        : 26816  : 512   
Pressure (BAR)_54x30_ARGB4.raw             : 27328  : 3264  
Pressure (KPA)_54x30_ARGB4.raw             : 30592  : 3264  
Pressure (PSI)_54x30_ARGB4.raw             : 33856  : 3264  
PSI_35x19_ARGB4.raw                        : 37120  : 1344  
PSI_menu_19x12_ARGB4.raw                   : 38464  : 512   
Temperature (C)_78x30_ARGB4.raw            : 38976  : 4736  
Temperature (F)_78x30_ARGB4.raw            : 43712  : 4736  
Temperature (Off)_78x30_ARGB4.raw          : 48448  : 4736  
Tyre Pressure_58x30_ARGB4.raw              : 53184  : 3520  
Tyre Pressure1_170x26_ARGB4.raw            : 56704  : 8896  
Tyre Tread Depth_70x34_ARGB4.raw           : 65600  : 4800  
Tyre Tread Depth1_209x27_ARGB4.raw         : 70400  : 11328 
zpressure_bar_15x42_ARGB4.raw              : 81728  : 1280  
zpressure_bar_15x42_PALETTED4444_index.raw : 83008  : 640   
zpressure_bar_15x42_PALETTED4444_lut.raw   : 83648  : 64    
zzbg_862x480_RGB565.raw                    : 83712  : 827520
zzbg_test_800x480_RGB565.raw               : 911232 : 768000
