BT815.blob                                                          : 0      : 4096
image_01_01_20x12_COMPRESSED_RGBA_ASTC_4x4_KHR.raw                  : 4096   : 256
image_01_02_20x12_COMPRESSED_RGBA_ASTC_4x4_KHR.raw                  : 4352   : 256
image_01_03_20x12_COMPRESSED_RGBA_ASTC_4x4_KHR.raw                  : 4608   : 256
image_01_04_20x12_COMPRESSED_RGBA_ASTC_4x4_KHR.raw                  : 4864   : 256
image_01_05_20x12_COMPRESSED_RGBA_ASTC_4x4_KHR.raw                  : 5120   : 256
image_01_06_20x12_COMPRESSED_RGBA_ASTC_4x4_KHR.raw                  : 5376   : 256
image_01_07_20x12_COMPRESSED_RGBA_ASTC_4x4_KHR.raw                  : 5632   : 256
image_01_08_20x12_COMPRESSED_RGBA_ASTC_4x4_KHR.raw                  : 5888   : 256
image_01_09_20x12_COMPRESSED_RGBA_ASTC_4x4_KHR.raw                  : 6144   : 256
image_01_10_20x12_COMPRESSED_RGBA_ASTC_4x4_KHR.raw                  : 6400   : 256
image_01_11_20x12_COMPRESSED_RGBA_ASTC_4x4_KHR.raw                  : 6656   : 256
image_01_12_20x12_COMPRESSED_RGBA_ASTC_4x4_KHR.raw                  : 6912   : 256
image_01_13_20x12_COMPRESSED_RGBA_ASTC_4x4_KHR.raw                  : 7168   : 256
image_01_14_20x12_COMPRESSED_RGBA_ASTC_4x4_KHR.raw                  : 7424   : 256
image_01_15_20x12_COMPRESSED_RGBA_ASTC_4x4_KHR.raw                  : 7680   : 256
image_01_16_20x12_COMPRESSED_RGBA_ASTC_4x4_KHR.raw                  : 7936   : 256
image_01_17_20x12_COMPRESSED_RGBA_ASTC_4x4_KHR.raw                  : 8192   : 256
image_01_18_20x12_COMPRESSED_RGBA_ASTC_4x4_KHR.raw                  : 8448   : 256
image_02_01_20x12_COMPRESSED_RGBA_ASTC_4x4_KHR.raw                  : 8704   : 256
image_02_02_20x12_COMPRESSED_RGBA_ASTC_4x4_KHR.raw                  : 8960   : 256
image_02_03_20x12_COMPRESSED_RGBA_ASTC_4x4_KHR.raw                  : 9216   : 256
image_02_04_20x12_COMPRESSED_RGBA_ASTC_4x4_KHR.raw                  : 9472   : 256
image_02_05_20x12_COMPRESSED_RGBA_ASTC_4x4_KHR.raw                  : 9728   : 256
image_02_06_20x12_COMPRESSED_RGBA_ASTC_4x4_KHR.raw                  : 9984   : 256
image_02_07_20x12_COMPRESSED_RGBA_ASTC_4x4_KHR.raw                  : 10240  : 256
image_02_08_20x12_COMPRESSED_RGBA_ASTC_4x4_KHR.raw                  : 10496  : 256
image_02_09_20x12_COMPRESSED_RGBA_ASTC_4x4_KHR.raw                  : 10752  : 256
image_02_10_20x12_COMPRESSED_RGBA_ASTC_4x4_KHR.raw                  : 11008  : 256
image_02_11_20x12_COMPRESSED_RGBA_ASTC_4x4_KHR.raw                  : 11264  : 256
image_02_12_20x12_COMPRESSED_RGBA_ASTC_4x4_KHR.raw                  : 11520  : 256
image_02_13_20x12_COMPRESSED_RGBA_ASTC_4x4_KHR.raw                  : 11776  : 256
image_02_14_20x12_COMPRESSED_RGBA_ASTC_4x4_KHR.raw                  : 12032  : 256
image_02_15_20x12_COMPRESSED_RGBA_ASTC_4x4_KHR.raw                  : 12288  : 256
image_02_16_20x12_COMPRESSED_RGBA_ASTC_4x4_KHR.raw                  : 12544  : 256
image_02_17_20x12_COMPRESSED_RGBA_ASTC_4x4_KHR.raw                  : 12800  : 256
image_02_18_20x12_COMPRESSED_RGBA_ASTC_4x4_KHR.raw                  : 13056  : 256
image_03_01_20x12_COMPRESSED_RGBA_ASTC_4x4_KHR.raw                  : 13312  : 256
image_03_02_20x12_COMPRESSED_RGBA_ASTC_4x4_KHR.raw                  : 13568  : 256
image_03_03_20x12_COMPRESSED_RGBA_ASTC_4x4_KHR.raw                  : 13824  : 256
image_03_04_20x12_COMPRESSED_RGBA_ASTC_4x4_KHR.raw                  : 14080  : 256
image_03_05_20x12_COMPRESSED_RGBA_ASTC_4x4_KHR.raw                  : 14336  : 256
image_03_06_20x12_COMPRESSED_RGBA_ASTC_4x4_KHR.raw                  : 14592  : 256
image_03_07_20x12_COMPRESSED_RGBA_ASTC_4x4_KHR.raw                  : 14848  : 256
image_03_08_20x12_COMPRESSED_RGBA_ASTC_4x4_KHR.raw                  : 15104  : 256
image_03_09_20x12_COMPRESSED_RGBA_ASTC_4x4_KHR.raw                  : 15360  : 256
image_03_10_20x12_COMPRESSED_RGBA_ASTC_4x4_KHR.raw                  : 15616  : 256
image_03_11_20x12_COMPRESSED_RGBA_ASTC_4x4_KHR.raw                  : 15872  : 256
image_03_12_20x12_COMPRESSED_RGBA_ASTC_4x4_KHR.raw                  : 16128  : 256
image_03_13_20x12_COMPRESSED_RGBA_ASTC_4x4_KHR.raw                  : 16384  : 256
image_03_14_20x12_COMPRESSED_RGBA_ASTC_4x4_KHR.raw                  : 16640  : 256
image_03_15_20x12_COMPRESSED_RGBA_ASTC_4x4_KHR.raw                  : 16896  : 256
image_03_16_20x12_COMPRESSED_RGBA_ASTC_4x4_KHR.raw                  : 17152  : 256
image_03_17_20x12_COMPRESSED_RGBA_ASTC_4x4_KHR.raw                  : 17408  : 256
image_03_18_20x12_COMPRESSED_RGBA_ASTC_4x4_KHR.raw                  : 17664  : 256
image_04_01_20x12_COMPRESSED_RGBA_ASTC_4x4_KHR.raw                  : 17920  : 256
image_04_02_20x12_COMPRESSED_RGBA_ASTC_4x4_KHR.raw                  : 18176  : 256
image_04_03_20x12_COMPRESSED_RGBA_ASTC_4x4_KHR.raw                  : 18432  : 256
image_04_04_20x12_COMPRESSED_RGBA_ASTC_4x4_KHR.raw                  : 18688  : 256
image_04_05_20x12_COMPRESSED_RGBA_ASTC_4x4_KHR.raw                  : 18944  : 256
image_04_06_20x12_COMPRESSED_RGBA_ASTC_4x4_KHR.raw                  : 19200  : 256
image_04_07_20x12_COMPRESSED_RGBA_ASTC_4x4_KHR.raw                  : 19456  : 256
image_04_08_20x12_COMPRESSED_RGBA_ASTC_4x4_KHR.raw                  : 19712  : 256
image_04_09_20x12_COMPRESSED_RGBA_ASTC_4x4_KHR.raw                  : 19968  : 256
image_04_10_20x12_COMPRESSED_RGBA_ASTC_4x4_KHR.raw                  : 20224  : 256
image_04_11_20x12_COMPRESSED_RGBA_ASTC_4x4_KHR.raw                  : 20480  : 256
image_04_12_20x12_COMPRESSED_RGBA_ASTC_4x4_KHR.raw                  : 20736  : 256
image_04_13_20x12_COMPRESSED_RGBA_ASTC_4x4_KHR.raw                  : 20992  : 256
image_04_14_20x12_COMPRESSED_RGBA_ASTC_4x4_KHR.raw                  : 21248  : 256
image_04_15_20x12_COMPRESSED_RGBA_ASTC_4x4_KHR.raw                  : 21504  : 256
image_04_16_20x12_COMPRESSED_RGBA_ASTC_4x4_KHR.raw                  : 21760  : 256
image_04_17_20x12_COMPRESSED_RGBA_ASTC_4x4_KHR.raw                  : 22016  : 256
image_04_18_20x12_COMPRESSED_RGBA_ASTC_4x4_KHR.raw                  : 22272  : 256
image_05_01_20x12_COMPRESSED_RGBA_ASTC_4x4_KHR.raw                  : 22528  : 256
image_05_02_20x12_COMPRESSED_RGBA_ASTC_4x4_KHR.raw                  : 22784  : 256
image_05_03_20x12_COMPRESSED_RGBA_ASTC_4x4_KHR.raw                  : 23040  : 256
image_05_04_20x12_COMPRESSED_RGBA_ASTC_4x4_KHR.raw                  : 23296  : 256
image_05_05_20x12_COMPRESSED_RGBA_ASTC_4x4_KHR.raw                  : 23552  : 256
image_05_06_20x12_COMPRESSED_RGBA_ASTC_4x4_KHR.raw                  : 23808  : 256
image_05_07_20x12_COMPRESSED_RGBA_ASTC_4x4_KHR.raw                  : 24064  : 256
image_05_08_20x12_COMPRESSED_RGBA_ASTC_4x4_KHR.raw                  : 24320  : 256
image_05_09_20x12_COMPRESSED_RGBA_ASTC_4x4_KHR.raw                  : 24576  : 256
image_05_10_20x12_COMPRESSED_RGBA_ASTC_4x4_KHR.raw                  : 24832  : 256
image_05_11_20x12_COMPRESSED_RGBA_ASTC_4x4_KHR.raw                  : 25088  : 256
image_05_12_20x12_COMPRESSED_RGBA_ASTC_4x4_KHR.raw                  : 25344  : 256
image_05_13_20x12_COMPRESSED_RGBA_ASTC_4x4_KHR.raw                  : 25600  : 256
image_05_14_20x12_COMPRESSED_RGBA_ASTC_4x4_KHR.raw                  : 25856  : 256
image_05_15_20x12_COMPRESSED_RGBA_ASTC_4x4_KHR.raw                  : 26112  : 256
image_05_16_20x12_COMPRESSED_RGBA_ASTC_4x4_KHR.raw                  : 26368  : 256
image_05_17_20x12_COMPRESSED_RGBA_ASTC_4x4_KHR.raw                  : 26624  : 256
image_05_18_20x12_COMPRESSED_RGBA_ASTC_4x4_KHR.raw                  : 26880  : 256
image_06_01_20x12_COMPRESSED_RGBA_ASTC_4x4_KHR.raw                  : 27136  : 256
image_06_02_20x12_COMPRESSED_RGBA_ASTC_4x4_KHR.raw                  : 27392  : 256
image_06_03_20x12_COMPRESSED_RGBA_ASTC_4x4_KHR.raw                  : 27648  : 256
image_06_04_20x12_COMPRESSED_RGBA_ASTC_4x4_KHR.raw                  : 27904  : 256
image_06_05_20x12_COMPRESSED_RGBA_ASTC_4x4_KHR.raw                  : 28160  : 256
image_06_06_20x12_COMPRESSED_RGBA_ASTC_4x4_KHR.raw                  : 28416  : 256
image_06_07_20x12_COMPRESSED_RGBA_ASTC_4x4_KHR.raw                  : 28672  : 256
image_06_08_20x12_COMPRESSED_RGBA_ASTC_4x4_KHR.raw                  : 28928  : 256
image_06_09_20x12_COMPRESSED_RGBA_ASTC_4x4_KHR.raw                  : 29184  : 256
image_06_10_20x12_COMPRESSED_RGBA_ASTC_4x4_KHR.raw                  : 29440  : 256
image_06_11_20x12_COMPRESSED_RGBA_ASTC_4x4_KHR.raw                  : 29696  : 256
image_06_12_20x12_COMPRESSED_RGBA_ASTC_4x4_KHR.raw                  : 29952  : 256
image_06_13_20x12_COMPRESSED_RGBA_ASTC_4x4_KHR.raw                  : 30208  : 256
image_06_14_20x12_COMPRESSED_RGBA_ASTC_4x4_KHR.raw                  : 30464  : 256
image_06_15_20x12_COMPRESSED_RGBA_ASTC_4x4_KHR.raw                  : 30720  : 256
image_06_16_20x12_COMPRESSED_RGBA_ASTC_4x4_KHR.raw                  : 30976  : 256
image_06_17_20x12_COMPRESSED_RGBA_ASTC_4x4_KHR.raw                  : 31232  : 256
image_06_18_20x12_COMPRESSED_RGBA_ASTC_4x4_KHR.raw                  : 31488  : 256
image_07_01_20x12_COMPRESSED_RGBA_ASTC_4x4_KHR.raw                  : 31744  : 256
image_07_02_20x12_COMPRESSED_RGBA_ASTC_4x4_KHR.raw                  : 32000  : 256
image_07_03_20x12_COMPRESSED_RGBA_ASTC_4x4_KHR.raw                  : 32256  : 256
image_07_04_20x12_COMPRESSED_RGBA_ASTC_4x4_KHR.raw                  : 32512  : 256
image_07_05_20x12_COMPRESSED_RGBA_ASTC_4x4_KHR.raw                  : 32768  : 256
image_07_06_20x12_COMPRESSED_RGBA_ASTC_4x4_KHR.raw                  : 33024  : 256
image_07_07_20x12_COMPRESSED_RGBA_ASTC_4x4_KHR.raw                  : 33280  : 256
image_07_08_20x12_COMPRESSED_RGBA_ASTC_4x4_KHR.raw                  : 33536  : 256
image_07_09_20x12_COMPRESSED_RGBA_ASTC_4x4_KHR.raw                  : 33792  : 256
image_07_10_20x12_COMPRESSED_RGBA_ASTC_4x4_KHR.raw                  : 34048  : 256
image_07_11_20x12_COMPRESSED_RGBA_ASTC_4x4_KHR.raw                  : 34304  : 256
image_07_12_20x12_COMPRESSED_RGBA_ASTC_4x4_KHR.raw                  : 34560  : 256
image_07_13_20x12_COMPRESSED_RGBA_ASTC_4x4_KHR.raw                  : 34816  : 256
image_07_14_20x12_COMPRESSED_RGBA_ASTC_4x4_KHR.raw                  : 35072  : 256
image_07_15_20x12_COMPRESSED_RGBA_ASTC_4x4_KHR.raw                  : 35328  : 256
image_07_16_20x12_COMPRESSED_RGBA_ASTC_4x4_KHR.raw                  : 35584  : 256
image_07_17_20x12_COMPRESSED_RGBA_ASTC_4x4_KHR.raw                  : 35840  : 256
image_07_18_20x12_COMPRESSED_RGBA_ASTC_4x4_KHR.raw                  : 36096  : 256
image_08_01_20x12_COMPRESSED_RGBA_ASTC_4x4_KHR.raw                  : 36352  : 256
image_08_02_20x12_COMPRESSED_RGBA_ASTC_4x4_KHR.raw                  : 36608  : 256
image_08_03_20x12_COMPRESSED_RGBA_ASTC_4x4_KHR.raw                  : 36864  : 256
image_08_04_20x12_COMPRESSED_RGBA_ASTC_4x4_KHR.raw                  : 37120  : 256
image_08_05_20x12_COMPRESSED_RGBA_ASTC_4x4_KHR.raw                  : 37376  : 256
image_08_06_20x12_COMPRESSED_RGBA_ASTC_4x4_KHR.raw                  : 37632  : 256
image_08_07_20x12_COMPRESSED_RGBA_ASTC_4x4_KHR.raw                  : 37888  : 256
image_08_08_20x12_COMPRESSED_RGBA_ASTC_4x4_KHR.raw                  : 38144  : 256
image_08_09_20x12_COMPRESSED_RGBA_ASTC_4x4_KHR.raw                  : 38400  : 256
image_08_10_20x12_COMPRESSED_RGBA_ASTC_4x4_KHR.raw                  : 38656  : 256
image_08_11_20x12_COMPRESSED_RGBA_ASTC_4x4_KHR.raw                  : 38912  : 256
image_08_12_20x12_COMPRESSED_RGBA_ASTC_4x4_KHR.raw                  : 39168  : 256
image_08_13_20x12_COMPRESSED_RGBA_ASTC_4x4_KHR.raw                  : 39424  : 256
image_08_14_20x12_COMPRESSED_RGBA_ASTC_4x4_KHR.raw                  : 39680  : 256
image_08_15_20x12_COMPRESSED_RGBA_ASTC_4x4_KHR.raw                  : 39936  : 256
image_08_16_20x12_COMPRESSED_RGBA_ASTC_4x4_KHR.raw                  : 40192  : 256
image_08_17_20x12_COMPRESSED_RGBA_ASTC_4x4_KHR.raw                  : 40448  : 256
image_08_18_20x12_COMPRESSED_RGBA_ASTC_4x4_KHR.raw                  : 40704  : 256
image_09_01_20x12_COMPRESSED_RGBA_ASTC_4x4_KHR.raw                  : 40960  : 256
image_09_02_20x12_COMPRESSED_RGBA_ASTC_4x4_KHR.raw                  : 41216  : 256
image_09_03_20x12_COMPRESSED_RGBA_ASTC_4x4_KHR.raw                  : 41472  : 256
image_09_04_20x12_COMPRESSED_RGBA_ASTC_4x4_KHR.raw                  : 41728  : 256
image_09_05_20x12_COMPRESSED_RGBA_ASTC_4x4_KHR.raw                  : 41984  : 256
image_09_06_20x12_COMPRESSED_RGBA_ASTC_4x4_KHR.raw                  : 42240  : 256
image_09_07_20x12_COMPRESSED_RGBA_ASTC_4x4_KHR.raw                  : 42496  : 256
image_09_08_20x12_COMPRESSED_RGBA_ASTC_4x4_KHR.raw                  : 42752  : 256
image_09_09_20x12_COMPRESSED_RGBA_ASTC_4x4_KHR.raw                  : 43008  : 256
image_09_10_20x12_COMPRESSED_RGBA_ASTC_4x4_KHR.raw                  : 43264  : 256
image_09_11_20x12_COMPRESSED_RGBA_ASTC_4x4_KHR.raw                  : 43520  : 256
image_09_12_20x12_COMPRESSED_RGBA_ASTC_4x4_KHR.raw                  : 43776  : 256
image_09_13_20x12_COMPRESSED_RGBA_ASTC_4x4_KHR.raw                  : 44032  : 256
image_09_14_20x12_COMPRESSED_RGBA_ASTC_4x4_KHR.raw                  : 44288  : 256
image_09_15_20x12_COMPRESSED_RGBA_ASTC_4x4_KHR.raw                  : 44544  : 256
image_09_16_20x12_COMPRESSED_RGBA_ASTC_4x4_KHR.raw                  : 44800  : 256
image_09_17_20x12_COMPRESSED_RGBA_ASTC_4x4_KHR.raw                  : 45056  : 256
image_09_18_20x12_COMPRESSED_RGBA_ASTC_4x4_KHR.raw                  : 45312  : 256
image_10_01_20x12_COMPRESSED_RGBA_ASTC_4x4_KHR.raw                  : 45568  : 256
image_10_02_20x12_COMPRESSED_RGBA_ASTC_4x4_KHR.raw                  : 45824  : 256
image_10_03_20x12_COMPRESSED_RGBA_ASTC_4x4_KHR.raw                  : 46080  : 256
image_10_04_20x12_COMPRESSED_RGBA_ASTC_4x4_KHR.raw                  : 46336  : 256
image_10_05_20x12_COMPRESSED_RGBA_ASTC_4x4_KHR.raw                  : 46592  : 256
image_10_06_20x12_COMPRESSED_RGBA_ASTC_4x4_KHR.raw                  : 46848  : 256
image_10_07_20x12_COMPRESSED_RGBA_ASTC_4x4_KHR.raw                  : 47104  : 256
image_10_08_20x12_COMPRESSED_RGBA_ASTC_4x4_KHR.raw                  : 47360  : 256
image_10_09_20x12_COMPRESSED_RGBA_ASTC_4x4_KHR.raw                  : 47616  : 256
image_10_10_20x12_COMPRESSED_RGBA_ASTC_4x4_KHR.raw                  : 47872  : 256
image_10_11_20x12_COMPRESSED_RGBA_ASTC_4x4_KHR.raw                  : 48128  : 256
image_10_12_20x12_COMPRESSED_RGBA_ASTC_4x4_KHR.raw                  : 48384  : 256
image_10_13_20x12_COMPRESSED_RGBA_ASTC_4x4_KHR.raw                  : 48640  : 256
image_10_14_20x12_COMPRESSED_RGBA_ASTC_4x4_KHR.raw                  : 48896  : 256
image_10_15_20x12_COMPRESSED_RGBA_ASTC_4x4_KHR.raw                  : 49152  : 256
image_10_16_20x12_COMPRESSED_RGBA_ASTC_4x4_KHR.raw                  : 49408  : 256
image_10_17_20x12_COMPRESSED_RGBA_ASTC_4x4_KHR.raw                  : 49664  : 256
image_10_18_20x12_COMPRESSED_RGBA_ASTC_4x4_KHR.raw                  : 49920  : 256
T1_authenticate_blue_card_28x28_COMPRESSED_RGBA_ASTC_4x4_KHR.raw    : 50176  : 832
T1_authenticate_cell_1____12x28_COMPRESSED_RGBA_ASTC_4x4_KHR.raw    : 51008  : 384
T1_authenticate_cell_2____24x40_COMPRESSED_RGBA_ASTC_4x4_KHR.raw    : 51392  : 960
T1_authenticate_cell_3____36x48_COMPRESSED_RGBA_ASTC_4x4_KHR.raw    : 52352  : 1728
T1_authenticate_cell_4____48x60_COMPRESSED_RGBA_ASTC_4x4_KHR.raw    : 54080  : 2880
T1_authenticate_start_____132x100_COMPRESSED_RGBA_ASTC_4x4_KHR.raw  : 56960  : 13248
T1_language_flag_1________72x76_COMPRESSED_RGBA_ASTC_4x4_KHR.raw    : 70208  : 5504
T1_language_flag_2________72x76_COMPRESSED_RGBA_ASTC_4x4_KHR.raw    : 75712  : 5504
T1_language_flag_3________68x72_COMPRESSED_RGBA_ASTC_4x4_KHR.raw    : 81216  : 4928
T1_Logo___________________592x120_COMPRESSED_RGBA_ASTC_4x4_KHR.raw  : 86144  : 71040
T1_pin_cell_______________20x56_COMPRESSED_RGBA_ASTC_4x4_KHR.raw    : 157184 : 1152
T1_pin_empty______________160x72_COMPRESSED_RGBA_ASTC_4x4_KHR.raw   : 158336 : 11520
T1_pin_line_______________324x8_COMPRESSED_RGBA_ASTC_4x4_KHR.raw    : 169856 : 2624
T1_pin_line_run___________44x8_COMPRESSED_RGBA_ASTC_4x4_KHR.raw     : 172480 : 384
T1_pin_source_____________68x68_COMPRESSED_RGBA_ASTC_4x4_KHR.raw    : 172864 : 4672
T1_plugin_left____________88x60_COMPRESSED_RGBA_ASTC_4x4_KHR.raw    : 177536 : 5312
T1_plugin_right___________48x60_COMPRESSED_RGBA_ASTC_4x4_KHR.raw    : 182848 : 2880
T1_zCar___________________204x104_COMPRESSED_RGBA_ASTC_4x4_KHR.raw  : 185728 : 21248
T1_zCar2__________________400x400_COMPRESSED_RGBA_ASTC_4x4_KHR.raw  : 206976 : 160000
T1_zQr_Code_Brtchip.com___116x116_COMPRESSED_RGBA_ASTC_4x4_KHR.raw  : 366976 : 13504
bgshort___________________104x120_COMPRESSED_RGBA_ASTC_4x4_KHR.raw  : 380480 : 12480
carleft___________________120x120_COMPRESSED_RGBA_ASTC_4x4_KHR.raw  : 392960 : 14400
fullbg____________________1280x120_COMPRESSED_RGBA_ASTC_4x4_KHR.raw : 407360 : 153600
light_____________________192x120_COMPRESSED_RGBA_ASTC_4x4_KHR.raw  : 560960 : 23040
pauthen___________________464x40_COMPRESSED_RGBA_ASTC_4x4_KHR.raw   : 584000 : 18560
pcharge___________________464x40_COMPRESSED_RGBA_ASTC_4x4_KHR.raw   : 602560 : 18560
planguage_________________464x40_COMPRESSED_RGBA_ASTC_4x4_KHR.raw   : 621120 : 18560
pplug_____________________464x40_COMPRESSED_RGBA_ASTC_4x4_KHR.raw   : 639680 : 18560
preport___________________464x40_COMPRESSED_RGBA_ASTC_4x4_KHR.raw   : 658240 : 18560
pstandby__________________464x40_COMPRESSED_RGBA_ASTC_4x4_KHR.raw   : 676800 : 18560
Qr_Code_Brtchip.com_______68x68_COMPRESSED_RGBA_ASTC_4x4_KHR.raw    : 695360 : 4672
T1_authenticate_blue_card_28x28_COMPRESSED_RGBA_ASTC_4x4_KHR.raw    : 700032 : 832
T1_authenticate_cell_1____12x28_COMPRESSED_RGBA_ASTC_4x4_KHR.raw    : 700864 : 384
T1_authenticate_cell_2____24x40_COMPRESSED_RGBA_ASTC_4x4_KHR.raw    : 701248 : 960
T1_authenticate_cell_3____36x48_COMPRESSED_RGBA_ASTC_4x4_KHR.raw    : 702208 : 1728
T1_authenticate_cell_4____48x60_COMPRESSED_RGBA_ASTC_4x4_KHR.raw    : 703936 : 2880
T1_authenticate_start_____128x80_COMPRESSED_RGBA_ASTC_4x4_KHR.raw   : 706816 : 10240
T1_Car____________________204x104_COMPRESSED_RGBA_ASTC_4x4_KHR.raw  : 717056 : 21248
T1_language_flag_all______192x48_COMPRESSED_RGBA_ASTC_4x4_KHR.raw   : 738304 : 9216
T1_language_pointer_______24x20_COMPRESSED_RGBA_ASTC_4x4_KHR.raw    : 747520 : 512
T1_Logo___________________592x120_COMPRESSED_RGBA_ASTC_4x4_KHR.raw  : 748032 : 71040
T1_pin_cell_______________16x40_COMPRESSED_RGBA_ASTC_4x4_KHR.raw    : 819072 : 640
T1_pin_empty______________108x48_COMPRESSED_RGBA_ASTC_4x4_KHR.raw   : 819712 : 5184
T1_pin_line_______________168x4_COMPRESSED_RGBA_ASTC_4x4_KHR.raw    : 824896 : 704
T1_pin_line_run___________24x8_COMPRESSED_RGBA_ASTC_4x4_KHR.raw     : 825600 : 192
T1_pin_source_____________40x40_COMPRESSED_RGBA_ASTC_4x4_KHR.raw    : 825792 : 1600
T1_plugin_left____________56x40_COMPRESSED_RGBA_ASTC_4x4_KHR.raw    : 827392 : 2240
T1_plugin_right___________32x40_COMPRESSED_RGBA_ASTC_4x4_KHR.raw    : 829632 : 1280
Z2_640x120_COMPRESSED_RGBA_ASTC_4x4_KHR.raw                         : 830912 : 76800
Z3_640x120_COMPRESSED_RGBA_ASTC_4x4_KHR.raw                         : 907712 : 76800
